Rock and stone!
Rock and stone!
Rock and stone!
5
5 4 3 2 1 
0
Rock and stone!
Rock and stone!
Rock and stone!
Rock and stone!
