Rock and stone!
Rock and stone!
Rock and stone!
50
5 4 3 2 1 5 4 3 2 1 
40
Rock and stone!
