1:
9
2:
4
3:
ABCDEFGJI
4:
B: A B 
C: A C 
D: A B D 
E: A B E 
F: A C F 
G: A C G 
J: A B E J 
I: A C F I 
5:
Success!Rock and stone!
Success!Rock and stone!
Success!Rock and stone!
Success!Rock and stone!
Success!Rock and stone!
Success!Rock and stone!
Success!Rock and stone!
Success!Rock and stone!
Success!Rock and stone!
6:
ABDEJCFIG
7:
DBJEAFICG
8:
DJEBIFGCA
9:
ABCDEFGJI
10:
ABCDEFGJI
11:
ABCEDGHIF
12:
ABCEDGHIF
13:
A
B C 
D E F G 
^ ^ J ^ ^ I ^ ^ 
^ ^ ^ ^ 
14:
graph G {
node [shape = circle;];
0 [label = "65";];
1 [label = "66";];
2 [label = "67";];
3 [label = "68";];
4 [label = "69";];
5 [label = "70";];
6 [label = "71";];
7 [label = "74";];
8 [label = "73";];
0 -- 1;
0 -- 2;
1 -- 3;
1 -- 4;
2 -- 5;
2 -- 6;
4 -- 7;
5 -- 8;
}
