1:
9
2:
4
3:
ABCDEFGJI
4:
B: A B 
C: A C 
D: A B D 
E: A B E 
F: A C F 
G: A C G 
J: A B E J 
I: A C F I 
5:
Success!Rock and stone!
Success!Rock and stone!
Success!Rock and stone!
Success!Rock and stone!
Success!Rock and stone!
Success!Rock and stone!
Success!Rock and stone!
Success!Rock and stone!
Success!Rock and stone!
6:
ABDEJCFIG
7:
DBJEAFICG
8:
DJEBIFGCA
9:
ABCDEFGJI
10:
ABCDEFGJI
