Rock and stone!
Rock and stone!
5
Rock and stone!
Rock and stone!
Rock and stone!
1
2
3
4
5
Rock and stone!
Rock and stone!
