1: 
graph G {
node [shape = circle;];
0 [label = "1";];
1 [label = "2";];
2 [label = "3";];
3 [label = "4";];
4 [label = "5";];
5 [label = "6";];
0 -- 2 [label = "20";];
0 -- 3 [label = "19";];
0 -- 1 [label = "16";];
1 -- 5 [label = "5";];
1 -- 4 [label = "6";];
1 -- 2 [label = "11";];
2 -- 4 [label = "14";];
2 -- 3 [label = "22";];
3 -- 4 [label = "18";];
4 -- 5 [label = "9";];
}
2: 
graph G {
node [shape = circle;];
0 [label = "1";];
1 [label = "2";];
2 [label = "6";];
3 [label = "5";];
4 [label = "3";];
5 [label = "4";];
0 -- 1 [label = "16";];
1 -- 4 [label = "11";];
1 -- 3 [label = "6";];
1 -- 2 [label = "5";];
3 -- 5 [label = "18";];
}
