1: 1 2 5 4 7 9 3 8 6 
2: 1 3 2 6 8 9 4 5 7 
3: 
0 1 1 0 0 0 0 0 0
1 0 0 1 1 0 0 0 1
1 0 0 0 0 1 0 1 0
0 1 0 0 0 0 1 0 0
0 1 0 0 0 0 0 0 0
0 0 1 0 0 0 0 1 0
0 0 0 1 0 0 0 0 1
0 0 1 0 0 1 0 0 0
0 1 0 0 0 0 1 0 0
4: 
graph G {
node [shape = circle;];
0 [label = "1";];
1 [label = "2";];
2 [label = "3";];
3 [label = "4";];
4 [label = "5";];
5 [label = "6";];
6 [label = "7";];
7 [label = "8";];
8 [label = "9";];
0 -- 2 [label = "2";];
0 -- 1 [label = "1";];
1 -- 8 [label = "5";];
1 -- 3 [label = "4";];
1 -- 4 [label = "3";];
2 -- 5 [label = "9";];
2 -- 7 [label = "8";];
3 -- 6 [label = "6";];
5 -- 7 [label = "10";];
6 -- 8 [label = "7";];
}
