1:
graph G {
node [shape = circle;];
0 [label = "1";];
1 [label = "2";];
2 [label = "3";];
3 [label = "4";];
4 [label = "5";];
5 [label = "6";];
6 [label = "7";];
0 -- 1 [label = "10";];
0 -- 2 [label = "2";];
1 -- 4 [label = "1";];
2 -- 5 [label = "11";];
2 -- 3 [label = "2";];
3 -- 4 [label = "4";];
3 -- 5 [label = "6";];
4 -- 6 [label = "7";];
5 -- 6 [label = "3";];
}
2:
1 2 3 4 5 6 7 
1 5 1 3 4 4 6 
