1:
10 30 35 38 40 50 50 58 60 64 70 73 100 
2:
graph G {
node [shape = circle;];
0 [label = "50";];
1 [label = "38";];
2 [label = "64";];
3 [label = "30";];
4 [label = "40";];
5 [label = "60";];
6 [label = "73";];
7 [label = "10";];
8 [label = "35";];
9 [label = "50";];
10 [label = "58";];
11 [label = "70";];
12 [label = "100";];
0 -- 1;
0 -- 2;
1 -- 3;
1 -- 4;
2 -- 5;
2 -- 6;
3 -- 7;
3 -- 8;
4 -- 9;
5 -- 10;
6 -- 11;
6 -- 12;
}
3:
10 30 35 38 40 50 50 58 60 64 70 73 100 
4:
50 38 64 30 40 60 73 10 35 50 58 70 100 
5:
10 30 38 40 50 50 58 60 64 70 73 100 
10 38 40 50 50 58 60 64 70 73 100 
10 38 40 50 50 58 60 70 73 100 
38 40 50 50 58 60 70 73 100 
40 50 50 58 60 70 73 100 
40 50 50 58 60 70 100 
40 50 58 60 70 100 
40 50 58 60 100 
40 50 58 60 
50 58 60 
50 58 
58 

