1:0
2:
3:4
4:
"Engineer": 2
"Gunner": 3
"Scout": 4
"Driller": 1
5:1
6:2
7:3
8:4
9:2
10:
"Gunner": 3
"Driller": 1
