1:0
2:
3:1
4:
"Scout_1": 1
5:2
6:
"Scout_1": 1
"Scout_2": 2
7:3
8:
"Scout_1": 1
"Scout_2": 2
"Scout_3": 3
9:4
10:
"Scout_1": 1
"Scout_2": 2
"Scout_3": 3
"Scout_4": 4
11:1
12:2
13:3
14:4
15:3
16:
"Scout_2": 2
"Scout_3": 3
"Scout_4": 4
17:2
18:
"Scout_3": 3
"Scout_4": 4
19:1
20:
"Scout_4": 4
21:0
22:
